
> webzioexpenses@0.1.0 build
> next build

Γû▓ Next.js 16.2.1 (Turbopack)
- Environments: .env.local, .env

  Creating an optimized production build ...
node.exe : 
At C:\Program 
Files\nodejs\npm.ps1:29 
char:3
+   & $NODE_EXE 
$NPM_CLI_JS $args
+   ~~~~~~~~~~~~~~~~~~~~~
~~~~~~~~
    + CategoryInfo       
       : NotSpecified:   
  (:String) [], Remote   
 Exception
    + FullyQualifiedErro 
   rId : NativeCommandE  
  rror
 
> Build error occurred
Error: Turbopack build 
failed with 1 errors:
./app/reports/page.jsx:7:
1
Module not found: Can't 
resolve 
'@/src/components/Charts'
  [90m 5 |[0m 
[36mimport[0m { useApp 
} [36mfrom[0m [32m'@/s
rc/context/ExpenseContext
'[0m;
  [90m 6 |[0m 
[36mimport[0m { 
formatCurrency, cn } 
[36mfrom[0m [32m'@/src
/lib/utils'[0m;
[31m[1m>[0m [90m 7 
|[0m [36mimport[0m { 
[33mMonthlyBarChart[0m, 
[33mCategoryPieChart[0m
 } [36mfrom[0m [32m'@/
src/components/Charts'[0
m;
  [90m   |[0m [31m[1m
^^^^^^^^^^^^^^^^^^^^^^^^^
^^^^^^^^^^^^^^^^^^^^^^^^^
^^^^^^^^^^^^^^^^^^^^^^^^^
^[0m
  [90m 8 |[0m 
[36mimport[0m { 
[33mDATE_FILTERS[0m } 
[36mfrom[0m [32m'@/src
/lib/constants'[0m;
  [90m 9 |[0m
  [90m10 |[0m 
[36mconst[0m 
[33mDATE_OPTS[0m = 
[[32m'This Month'[0m, 
[32m'Last Month'[0m, 
[32m'This Year'[0m, 
[32m'All Time'[0m];

Import map: aliased to 
relative './src/component
s/Charts' inside of 
[project]/


Import traces:
  Client Component 
Browser:
    
./app/reports/page.jsx 
[Client Component 
Browser]
    
./app/reports/page.jsx 
[Server Component]

  Client Component SSR:
    
./app/reports/page.jsx 
[Client Component SSR]
    
./app/reports/page.jsx 
[Server Component]

https://nextjs.org/docs/m
essages/module-not-found


    at <unknown> (./app/r
eports/page.jsx:7:1)
    at <unknown> (https:/
/nextjs.org/docs/messages
/module-not-found)
